


ARM Macro Assembler    Page 1 


    1 00000000         ;/******************************************************
                       ********************//**
    2 00000000         ; * @file     startup_TM4C123.s
    3 00000000         ; * @brief    CMSIS Cortex-M4 Core Device Startup File f
                       or
    4 00000000         ; *           TI Tiva TM4C123 Blizzard Class Device
    5 00000000         ; * @version  V1.00
    6 00000000         ; * @date     15. May 2013
    7 00000000         ; *
    8 00000000         ; * @note
    9 00000000         ; * Copyright (C) 2011 ARM Limited. All rights reserved.
                       
   10 00000000         ; *
   11 00000000         ; * @par
   12 00000000         ; * ARM Limited (ARM) is supplying this software for use
                        with Cortex-M
   13 00000000         ; * processor based microcontrollers.  This file can be 
                       freely distributed
   14 00000000         ; * within development tools that are supporting such AR
                       M based processors.
   15 00000000         ; *
   16 00000000         ; * @par
   17 00000000         ; * THIS SOFTWARE IS PROVIDED "AS IS".  NO WARRANTIES, W
                       HETHER EXPRESS, IMPLIED
   18 00000000         ; * OR STATUTORY, INCLUDING, BUT NOT LIMITED TO, IMPLIED
                        WARRANTIES OF
   19 00000000         ; * MERCHANTABILITY AND FITNESS FOR A PARTICULAR PURPOSE
                        APPLY TO THIS SOFTWARE.
   20 00000000         ; * ARM SHALL NOT, IN ANY CIRCUMSTANCES, BE LIABLE FOR S
                       PECIAL, INCIDENTAL, OR
   21 00000000         ; * CONSEQUENTIAL DAMAGES, FOR ANY REASON WHATSOEVER.
   22 00000000         ; *
   23 00000000         ; ******************************************************
                       ************************/
   24 00000000         ;/*
   25 00000000         ;//-------- <<< Use Configuration Wizard in Context Menu
                        >>> ------------------
   26 00000000         ;*/
   27 00000000         ; <h> Stack Configuration
   28 00000000         ;   <o> Stack Size (in Bytes) <0x0-0xFFFFFFFF:8>
   29 00000000         ; </h>
   30 00000000         ;*******************************************************
                       ***********************
   31 00000000 00000400 
                       Stack_Size
                               EQU              0x00000400
   32 00000000         ; Allocate space for the stack.
   33 00000000         
   34 00000000                 AREA             STACK, NOINIT, READWRITE, ALIGN
=3
   35 00000000         Stack_Mem
                               SPACE            Stack_Size
   36 00000400         __initial_sp
   37 00000400         
   38 00000400         ;*******************************************************
                       ***********************
   39 00000400         ; <h> Heap Configuration
   40 00000400         ;   <o>  Heap Size (in Bytes) <0x0-0xFFFFFFFF:8>
   41 00000400         ; </h>



ARM Macro Assembler    Page 2 


   42 00000400         ;*******************************************************
                       ***********************
   43 00000400 00000000 
                       Heap_Size
                               EQU              0x00000000
   44 00000400         ; Allocate space for the heap.
   45 00000400                 AREA             HEAP, NOINIT, READWRITE, ALIGN=
3
   46 00000000         __heap_base
   47 00000000         Heap_Mem
                               SPACE            Heap_Size
   48 00000000         __heap_limit
   49 00000000         
   50 00000000         
   51 00000000         ;*******************************************************
                       ***********************
   52 00000000         ;
   53 00000000         ; Indicate that the code in this file preserves 8-byte a
                       lignment of the stack.
   54 00000000         ;
   55 00000000         ;*******************************************************
                       ***********************
   56 00000000                 PRESERVE8
   57 00000000                 THUMB
   58 00000000         
   59 00000000         ;*******************************************************
                       ***********************
   60 00000000         ;
   61 00000000         ; Place code into the reset code section.
   62 00000000         ;
   63 00000000         ;*******************************************************
                       ***********************
   64 00000000                 AREA             RESET, CODE, READONLY
   65 00000000         
   66 00000000         ;*******************************************************
                       ***********************
   67 00000000         ;
   68 00000000         ; Vector Table Mapped to Address 0 at Reset
   69 00000000         ;
   70 00000000         ;*******************************************************
                       ***********************
   71 00000000                 EXPORT           __Vectors
   72 00000000                 EXPORT           __Vectors_End
   73 00000000                 EXPORT           __Vectors_Size
   74 00000000                 IMPORT           TM0_Rise
   75 00000000                 IMPORT           TM0_Fall
   76 00000000                 IMPORT           TM3_Rise
   77 00000000                 IMPORT           TM3_Fall
   78 00000000                 IMPORT           TM1_Rise
   79 00000000                 IMPORT           TM1_Fall
   80 00000000                 IMPORT           button_ISR
   81 00000000         
   82 00000000         __Vectors
   83 00000000 00000000        DCD              __initial_sp ; Top of Stack
   84 00000004 00000000        DCD              Reset_Handler ; Reset Handler
   85 00000008 00000000        DCD              NMI_Handler ; NMI Handler
   86 0000000C 00000000        DCD              HardFault_Handler ; Hard Fault 
                                                            Handler
   87 00000010 00000000        DCD              MemManage_Handler 



ARM Macro Assembler    Page 3 


                                                            ; MPU Fault Handler
                                                            
   88 00000014 00000000        DCD              BusFault_Handler 
                                                            ; Bus Fault Handler
                                                            
   89 00000018 00000000        DCD              UsageFault_Handler ; Usage Faul
                                                            t Handler
   90 0000001C 00000000        DCD              0           ; Reserved
   91 00000020 00000000        DCD              0           ; Reserved
   92 00000024 00000000        DCD              0           ; Reserved
   93 00000028 00000000        DCD              0           ; Reserved
   94 0000002C 00000000        DCD              SVC_Handler ; SVCall Handler
   95 00000030 00000000        DCD              DebugMon_Handler ; Debug Monito
                                                            r Handler
   96 00000034 00000000        DCD              0           ; Reserved
   97 00000038 00000000        DCD              PendSV_Handler ; PendSV Handler
                                                            
   98 0000003C 00000000        DCD              SysTick_Handler 
                                                            ; SysTick Handler
   99 00000040         ; External Interrupts
  100 00000040 00000000        DCD              button_ISR  ;GPIOA_Handler     
                                                                    ;   0: GPIO
                                                             Port A
  101 00000044 00000000        DCD              GPIOB_Handler 
                                                            ;   1: GPIO Port B
  102 00000048 00000000        DCD              GPIOC_Handler 
                                                            ;   2: GPIO Port C
  103 0000004C 00000000        DCD              GPIOD_Handler 
                                                            ;   3: GPIO Port D
  104 00000050 00000000        DCD              GPIOE_Handler 
                                                            ;   4: GPIO Port E
  105 00000054 00000000        DCD              UART0_Handler ;   5: UART0 Rx a
                                                            nd Tx
  106 00000058 00000000        DCD              UART1_Handler ;   6: UART1 Rx a
                                                            nd Tx
  107 0000005C 00000000        DCD              SSI0_Handler ;   7: SSI0 Rx and
                                                             Tx
  108 00000060 00000000        DCD              I2C0_Handler ;   8: I2C0 Master
                                                             and Slave
  109 00000064 00000000        DCD              PWM0_FAULT_Handler 
                                                            ;   9: PWM Fault
  110 00000068 00000000        DCD              PWM0_0_Handler ;  10: PWM Gener
                                                            ator 0
  111 0000006C 00000000        DCD              PWM0_1_Handler ;  11: PWM Gener
                                                            ator 1
  112 00000070 00000000        DCD              PWM0_2_Handler ;  12: PWM Gener
                                                            ator 2
  113 00000074 00000000        DCD              QEI0_Handler ;  13: Quadrature 
                                                            Encoder 0
  114 00000078 00000000        DCD              ADC0SS0_Handler ;  14: ADC Sequ
                                                            ence 0
  115 0000007C 00000000        DCD              ADC0SS1_Handler ;  15: ADC Sequ
                                                            ence 1
  116 00000080 00000000        DCD              ADC0SS2_Handler ;  16: ADC Sequ
                                                            ence 2
  117 00000084 00000000        DCD              ADC0SS3_Handler ;  17: ADC Sequ
                                                            ence 3
  118 00000088 00000000        DCD              WDT0_Handler ;  18: Watchdog ti
                                                            mer            



ARM Macro Assembler    Page 4 


  119 0000008C 00000000        DCD              TM0_Rise    ;TIMER0A_Handler   
                                                                    ;  19: Time
                                                            r 0 subtimer A
  120 00000090 00000000        DCD              TM0_Fall    ;TIMER0B_Handler   
                                                                    ;  20: Time
                                                            r 0 subtimer B
  121 00000094 00000000        DCD              TM1_Rise    ;TIMER1A_Handler   
                                                                    ;  21: Time
                                                            r 1 subtimer A
  122 00000098 00000000        DCD              TM1_Fall    ;TIMER1B_Handler   
                                                                    ;  22: Time
                                                            r 1 subtimer B
  123 0000009C 00000000        DCD              TIMER2A_Handler ;  23: Timer 2 
                                                            subtimer A
  124 000000A0 00000000        DCD              TIMER2B_Handler ;  24: Timer 2 
                                                            subtimer B
  125 000000A4 00000000        DCD              COMP0_Handler ;  25: Analog Com
                                                            parator 0
  126 000000A8 00000000        DCD              COMP1_Handler ;  26: Analog Com
                                                            parator 1
  127 000000AC 00000000        DCD              COMP2_Handler ;  27: Analog Com
                                                            parator 2
  128 000000B0 00000000        DCD              SYSCTL_Handler ;  28: System Co
                                                            ntrol (PLL, OSC, BO
                                                            )
  129 000000B4 00000000        DCD              FLASH_Handler ;  29: FLASH Cont
                                                            rol
  130 000000B8 00000000        DCD              GPIOF_Handler 
                                                            ;  30: GPIO Port F
  131 000000BC 00000000        DCD              GPIOG_Handler 
                                                            ;  31: GPIO Port G
  132 000000C0 00000000        DCD              GPIOH_Handler 
                                                            ;  32: GPIO Port H
  133 000000C4 00000000        DCD              UART2_Handler ;  33: UART2 Rx a
                                                            nd Tx
  134 000000C8 00000000        DCD              SSI1_Handler ;  34: SSI1 Rx and
                                                             Tx
  135 000000CC 00000000        DCD              TM3_Rise    ;TIMER3A_Handler   
                                                                    ;  35: Time
                                                            r 3 subtimer A
  136 000000D0 00000000        DCD              TM3_Fall    ;TIMER3B_Handler   
                                                                    ;  36: Time
                                                            r 3 subtimer B
  137 000000D4 00000000        DCD              I2C1_Handler ;  37: I2C1 Master
                                                             and Slave
  138 000000D8 00000000        DCD              QEI1_Handler ;  38: Quadrature 
                                                            Encoder 1
  139 000000DC 00000000        DCD              CAN0_Handler ;  39: CAN0
  140 000000E0 00000000        DCD              CAN1_Handler ;  40: CAN1
  141 000000E4 00000000        DCD              CAN2_Handler ;  41: CAN2
  142 000000E8 00000000        DCD              0           ;  42: Reserved
  143 000000EC 00000000        DCD              HIB_Handler ;  43: Hibernate
  144 000000F0 00000000        DCD              USB0_Handler ;  44: USB0
  145 000000F4 00000000        DCD              PWM0_3_Handler ;  45: PWM Gener
                                                            ator 3
  146 000000F8 00000000        DCD              UDMA_Handler ;  46: uDMA Softwa
                                                            re Transfer
  147 000000FC 00000000        DCD              UDMAERR_Handler 
                                                            ;  47: uDMA Error



ARM Macro Assembler    Page 5 


  148 00000100 00000000        DCD              ADC1SS0_Handler ;  48: ADC1 Seq
                                                            uence 0
  149 00000104 00000000        DCD              ADC1SS1_Handler ;  49: ADC1 Seq
                                                            uence 1
  150 00000108 00000000        DCD              ADC1SS2_Handler ;  50: ADC1 Seq
                                                            uence 2
  151 0000010C 00000000        DCD              ADC1SS3_Handler ;  51: ADC1 Seq
                                                            uence 3
  152 00000110 00000000        DCD              0           ;  52: Reserved
  153 00000114 00000000        DCD              0           ;  53: Reserved
  154 00000118 00000000        DCD              GPIOJ_Handler 
                                                            ;  54: GPIO Port J
  155 0000011C 00000000        DCD              GPIOK_Handler 
                                                            ;  55: GPIO Port K
  156 00000120 00000000        DCD              GPIOL_Handler 
                                                            ;  56: GPIO Port L
  157 00000124 00000000        DCD              SSI2_Handler ;  57: SSI2 Rx and
                                                             Tx
  158 00000128 00000000        DCD              SSI3_Handler ;  58: SSI3 Rx and
                                                             Tx
  159 0000012C 00000000        DCD              UART3_Handler ;  59: UART3 Rx a
                                                            nd Tx
  160 00000130 00000000        DCD              UART4_Handler ;  60: UART4 Rx a
                                                            nd Tx
  161 00000134 00000000        DCD              UART5_Handler ;  61: UART5 Rx a
                                                            nd Tx
  162 00000138 00000000        DCD              UART6_Handler ;  62: UART6 Rx a
                                                            nd Tx
  163 0000013C 00000000        DCD              UART7_Handler ;  63: UART7 Rx a
                                                            nd Tx
  164 00000140 00000000        DCD              0           ;  64: Reserved
  165 00000144 00000000        DCD              0           ;  65: Reserved
  166 00000148 00000000        DCD              0           ;  66: Reserved
  167 0000014C 00000000        DCD              0           ;  67: Reserved
  168 00000150 00000000        DCD              I2C2_Handler ;  68: I2C2 Master
                                                             and Slave
  169 00000154 00000000        DCD              I2C3_Handler ;  69: I2C3 Master
                                                             and Slave
  170 00000158 00000000        DCD              TIMER4A_Handler ;  70: Timer 4 
                                                            subtimer A
  171 0000015C 00000000        DCD              TIMER4B_Handler ;  71: Timer 4 
                                                            subtimer B
  172 00000160 00000000        DCD              0           ;  72: Reserved
  173 00000164 00000000        DCD              0           ;  73: Reserved
  174 00000168 00000000        DCD              0           ;  74: Reserved
  175 0000016C 00000000        DCD              0           ;  75: Reserved
  176 00000170 00000000        DCD              0           ;  76: Reserved
  177 00000174 00000000        DCD              0           ;  77: Reserved
  178 00000178 00000000        DCD              0           ;  78: Reserved
  179 0000017C 00000000        DCD              0           ;  79: Reserved
  180 00000180 00000000        DCD              0           ;  80: Reserved
  181 00000184 00000000        DCD              0           ;  81: Reserved
  182 00000188 00000000        DCD              0           ;  82: Reserved
  183 0000018C 00000000        DCD              0           ;  83: Reserved
  184 00000190 00000000        DCD              0           ;  84: Reserved
  185 00000194 00000000        DCD              0           ;  85: Reserved
  186 00000198 00000000        DCD              0           ;  86: Reserved
  187 0000019C 00000000        DCD              0           ;  87: Reserved
  188 000001A0 00000000        DCD              0           ;  88: Reserved



ARM Macro Assembler    Page 6 


  189 000001A4 00000000        DCD              0           ;  89: Reserved
  190 000001A8 00000000        DCD              0           ;  90: Reserved
  191 000001AC 00000000        DCD              0           ;  91: Reserved
  192 000001B0 00000000        DCD              TIMER5A_Handler ;  92: Timer 5 
                                                            subtimer A
  193 000001B4 00000000        DCD              TIMER5B_Handler ;  93: Timer 5 
                                                            subtimer B
  194 000001B8 00000000        DCD              WTIMER0A_Handler ;  94: Wide Ti
                                                            mer 0 subtimer A
  195 000001BC 00000000        DCD              WTIMER0B_Handler ;  95: Wide Ti
                                                            mer 0 subtimer B
  196 000001C0 00000000        DCD              WTIMER1A_Handler ;  96: Wide Ti
                                                            mer 1 subtimer A
  197 000001C4 00000000        DCD              WTIMER1B_Handler ;  97: Wide Ti
                                                            mer 1 subtimer B
  198 000001C8 00000000        DCD              WTIMER2A_Handler ;  98: Wide Ti
                                                            mer 2 subtimer A
  199 000001CC 00000000        DCD              WTIMER2B_Handler ;  99: Wide Ti
                                                            mer 2 subtimer B
  200 000001D0 00000000        DCD              WTIMER3A_Handler ; 100: Wide Ti
                                                            mer 3 subtimer A
  201 000001D4 00000000        DCD              WTIMER3B_Handler ; 101: Wide Ti
                                                            mer 3 subtimer B
  202 000001D8 00000000        DCD              WTIMER4A_Handler ; 102: Wide Ti
                                                            mer 4 subtimer A
  203 000001DC 00000000        DCD              WTIMER4B_Handler ; 103: Wide Ti
                                                            mer 4 subtimer B
  204 000001E0 00000000        DCD              WTIMER5A_Handler ; 104: Wide Ti
                                                            mer 5 subtimer A
  205 000001E4 00000000        DCD              WTIMER5B_Handler ; 105: Wide Ti
                                                            mer 5 subtimer B
  206 000001E8 00000000        DCD              FPU_Handler ; 106: FPU
  207 000001EC 00000000        DCD              0           ; 107: Reserved
  208 000001F0 00000000        DCD              0           ; 108: Reserved
  209 000001F4 00000000        DCD              I2C4_Handler ; 109: I2C4 Master
                                                             and Slave
  210 000001F8 00000000        DCD              I2C5_Handler ; 110: I2C5 Master
                                                             and Slave
  211 000001FC 00000000        DCD              GPIOM_Handler 
                                                            ; 111: GPIO Port M
  212 00000200 00000000        DCD              GPION_Handler 
                                                            ; 112: GPIO Port N
  213 00000204 00000000        DCD              QEI2_Handler ; 113: Quadrature 
                                                            Encoder 2
  214 00000208 00000000        DCD              0           ; 114: Reserved
  215 0000020C 00000000        DCD              0           ; 115: Reserved
  216 00000210 00000000        DCD              GPIOP0_Handler ; 116: GPIO Port
                                                             P (Summary or P0)
  217 00000214 00000000        DCD              GPIOP1_Handler 
                                                            ; 117: GPIO Port P1
                                                            
  218 00000218 00000000        DCD              GPIOP2_Handler 
                                                            ; 118: GPIO Port P2
                                                            
  219 0000021C 00000000        DCD              GPIOP3_Handler 
                                                            ; 119: GPIO Port P3
                                                            
  220 00000220 00000000        DCD              GPIOP4_Handler 
                                                            ; 120: GPIO Port P4



ARM Macro Assembler    Page 7 


                                                            
  221 00000224 00000000        DCD              GPIOP5_Handler 
                                                            ; 121: GPIO Port P5
                                                            
  222 00000228 00000000        DCD              GPIOP6_Handler 
                                                            ; 122: GPIO Port P6
                                                            
  223 0000022C 00000000        DCD              GPIOP7_Handler 
                                                            ; 123: GPIO Port P7
                                                            
  224 00000230 00000000        DCD              GPIOQ0_Handler ; 124: GPIO Port
                                                             Q (Summary or Q0)
  225 00000234 00000000        DCD              GPIOQ1_Handler 
                                                            ; 125: GPIO Port Q1
                                                            
  226 00000238 00000000        DCD              GPIOQ2_Handler 
                                                            ; 126: GPIO Port Q2
                                                            
  227 0000023C 00000000        DCD              GPIOQ3_Handler 
                                                            ; 127: GPIO Port Q3
                                                            
  228 00000240 00000000        DCD              GPIOQ4_Handler 
                                                            ; 128: GPIO Port Q4
                                                            
  229 00000244 00000000        DCD              GPIOQ5_Handler 
                                                            ; 129: GPIO Port Q5
                                                            
  230 00000248 00000000        DCD              GPIOQ6_Handler 
                                                            ; 130: GPIO Port Q6
                                                            
  231 0000024C 00000000        DCD              GPIOQ7_Handler 
                                                            ; 131: GPIO Port Q7
                                                            
  232 00000250 00000000        DCD              GPIOR_Handler 
                                                            ; 132: GPIO Port R
  233 00000254 00000000        DCD              GPIOS_Handler 
                                                            ; 133: GPIO Port S
  234 00000258 00000000        DCD              PWM1_0_Handler ; 134: PWM 1 Gen
                                                            erator 0
  235 0000025C 00000000        DCD              PWM1_1_Handler ; 135: PWM 1 Gen
                                                            erator 1
  236 00000260 00000000        DCD              PWM1_2_Handler ; 136: PWM 1 Gen
                                                            erator 2
  237 00000264 00000000        DCD              PWM1_3_Handler ; 137: PWM 1 Gen
                                                            erator 3
  238 00000268 00000000        DCD              PWM1_FAULT_Handler 
                                                            ; 138: PWM 1 Fault
  239 0000026C         
  240 0000026C         __Vectors_End
  241 0000026C         
  242 0000026C 0000026C 
                       __Vectors_Size
                               EQU              __Vectors_End - __Vectors
  243 0000026C         
  244 0000026C                 AREA             |.text|, CODE, READONLY
  245 00000000         
  246 00000000         
  247 00000000         ;*******************************************************
                       ***********************



ARM Macro Assembler    Page 8 


  248 00000000         ;
  249 00000000         ; This is the code that gets called when the processor f
                       irst starts execution
  250 00000000         ; following a reset event.
  251 00000000         ;
  252 00000000         ;*******************************************************
                       ***********************
  253 00000000         ;
  254 00000000         ; Enable the floating-point unit.  This must be done her
                       e to handle the
  255 00000000         ; case where main() uses floating-point and the function
                        prologue saves
  256 00000000         ; floating-point registers (which will fault if floating
                       -point is not
  257 00000000         ; enabled).  Any configuration of the floating-point uni
                       t using
  258 00000000         ; DriverLib APIs must be done here prior to the floating
                       -point unit
  259 00000000         ; being enabled.
  260 00000000                 EXPORT           Reset_Handler
  261 00000000         
  262 00000000         ;Reset_Handler   PROC
  263 00000000         ;                EXPORT  Reset_Handler             [WEAK
                       ]
  264 00000000         ;                IMPORT  SystemInit
  265 00000000         ;                IMPORT  __main
  266 00000000         ;                LDR     R0, =SystemInit
  267 00000000         ;                BLX     R0
  268 00000000         ;                LDR     R0, =__main
  269 00000000         ;                BX      R0
  270 00000000         ;                ENDP
  271 00000000         
  272 00000000         Reset_Handler
  273 00000000         
  274 00000000 F64E 5088       MOVW             R0, #0xED88
  275 00000004 F2CE 0000       MOVT             R0, #0xE000
  276 00000008 6801            LDR              R1, [R0]
  277 0000000A F441 0170       ORR              R1, #0x00F00000
  278 0000000E 6001            STR              R1, [R0]
  279 00000010         
  280 00000010         ;
  281 00000010         ; Call the C library enty point that handles startup.  T
                       his will copy
  282 00000010         ; the .data section initializers from flash to SRAM and 
                       zero fill the
  283 00000010         ; .bss section.
  284 00000010         ;
  285 00000010                 IMPORT           __main
  286 00000010 F7FF BFFE       B                __main
  287 00000014         
  288 00000014         ;*******************************************************
                       ***********************
  289 00000014         ;
  290 00000014         ; This is the code that gets called when the processor r
                       eceives a NMI.  This
  291 00000014         ; simply enters an infinite loop, preserving the system 
                       state for examination
  292 00000014         ; by a debugger.
  293 00000014         ;



ARM Macro Assembler    Page 9 


  294 00000014         ;*******************************************************
                       ***********************
  295 00000014         NMI_Handler
                               PROC
  296 00000014                 EXPORT           NMI_Handler               [WEAK
]
  297 00000014 E7FE            B                .
  298 00000016                 ENDP
  299 00000016         
  300 00000016         ;*******************************************************
                       ***********************
  301 00000016         ;
  302 00000016         ; This is the code that gets called when the processor r
                       eceives a fault
  303 00000016         ; interrupt.  This simply enters an infinite loop, prese
                       rving the system state
  304 00000016         ; for examination by a debugger.
  305 00000016         ;
  306 00000016         ;*******************************************************
                       ***********************
  308 00000016         HardFault_Handler
                               PROC
  309 00000016                 EXPORT           HardFault_Handler         [WEAK
]
  310 00000016 E7FE            B                .
  311 00000018                 ENDP
  312 00000018         
  314 00000018         MemManage_Handler
                               PROC
  315 00000018                 EXPORT           MemManage_Handler         [WEAK
]
  316 00000018 E7FE            B                .
  317 0000001A                 ENDP
  319 0000001A         BusFault_Handler
                               PROC
  320 0000001A                 EXPORT           BusFault_Handler          [WEAK
]
  321 0000001A E7FE            B                .
  322 0000001C                 ENDP
  324 0000001C         UsageFault_Handler
                               PROC
  325 0000001C                 EXPORT           UsageFault_Handler        [WEAK
]
  326 0000001C E7FE            B                .
  327 0000001E                 ENDP
  328 0000001E         SVC_Handler
                               PROC
  329 0000001E                 EXPORT           SVC_Handler               [WEAK
]
  330 0000001E E7FE            B                .
  331 00000020                 ENDP
  333 00000020         DebugMon_Handler
                               PROC
  334 00000020                 EXPORT           DebugMon_Handler          [WEAK
]
  335 00000020 E7FE            B                .
  336 00000022                 ENDP
  337 00000022         PendSV_Handler
                               PROC



ARM Macro Assembler    Page 10 


  338 00000022                 EXPORT           PendSV_Handler            [WEAK
]
  339 00000022 E7FE            B                .
  340 00000024                 ENDP
  341 00000024         SysTick_Handler
                               PROC
  342 00000024                 EXPORT           SysTick_Handler           [WEAK
]
  343 00000024 E7FE            B                .
  344 00000026                 ENDP
  346 00000026         IntDefaultHandler
                               PROC
  347 00000026         
  348 00000026                 EXPORT           GPIOA_Handler         [WEAK]
  349 00000026                 EXPORT           GPIOB_Handler         [WEAK]
  350 00000026                 EXPORT           GPIOC_Handler         [WEAK]
  351 00000026                 EXPORT           GPIOD_Handler         [WEAK]
  352 00000026                 EXPORT           GPIOE_Handler         [WEAK]
  353 00000026                 EXPORT           UART0_Handler             [WEAK
]
  354 00000026                 EXPORT           UART1_Handler             [WEAK
]
  355 00000026                 EXPORT           SSI0_Handler              [WEAK
]
  356 00000026                 EXPORT           I2C0_Handler              [WEAK
]
  357 00000026                 EXPORT           PWM0_FAULT_Handler         [WEA
K]
  358 00000026                 EXPORT           PWM0_0_Handler    [WEAK]
  359 00000026                 EXPORT           PWM0_1_Handler    [WEAK]
  360 00000026                 EXPORT           PWM0_2_Handler    [WEAK]
  361 00000026                 EXPORT           QEI0_Handler       [WEAK]
  362 00000026                 EXPORT           ADC0SS0_Handler          [WEAK]
  363 00000026                 EXPORT           ADC0SS1_Handler          [WEAK]
  364 00000026                 EXPORT           ADC0SS2_Handler          [WEAK]
  365 00000026                 EXPORT           ADC0SS3_Handler          [WEAK]
  366 00000026                 EXPORT           WDT0_Handler              [WEAK
]
  367 00000026                 EXPORT           TIMER0A_Handler            [WEA
K]
  368 00000026                 EXPORT           TIMER0B_Handler           [WEAK
]
  369 00000026                 EXPORT           TIMER1A_Handler           [WEAK
]
  370 00000026                 EXPORT           TIMER1B_Handler            [WEA
K]
  371 00000026                 EXPORT           TIMER2A_Handler            [WEA
K]
  372 00000026                 EXPORT           TIMER2B_Handler            [WEA
K]
  373 00000026                 EXPORT           COMP0_Handler            [WEAK]
  374 00000026                 EXPORT           COMP1_Handler             [WEAK
]
  375 00000026                 EXPORT           COMP2_Handler              [WEA
K]
  376 00000026                 EXPORT           SYSCTL_Handler            [WEAK
]
  377 00000026                 EXPORT           FLASH_Handler             [WEAK
]



ARM Macro Assembler    Page 11 


  378 00000026                 EXPORT           GPIOF_Handler         [WEAK]
  379 00000026                 EXPORT           GPIOG_Handler         [WEAK]
  380 00000026                 EXPORT           GPIOH_Handler         [WEAK]
  381 00000026                 EXPORT           UART2_Handler             [WEAK
]
  382 00000026                 EXPORT           SSI1_Handler              [WEAK
]
  383 00000026                 EXPORT           TIMER3A_Handler           [WEAK
]
  384 00000026                 EXPORT           TIMER3B_Handler           [WEAK
]
  385 00000026                 EXPORT           I2C1_Handler              [WEAK
]
  386 00000026                 EXPORT           QEI1_Handler       [WEAK]
  387 00000026                 EXPORT           CAN0_Handler              [WEAK
]
  388 00000026                 EXPORT           CAN1_Handler              [WEAK
]
  389 00000026                 EXPORT           CAN2_Handler              [WEAK
]
  390 00000026                 EXPORT           HIB_Handler         [WEAK]
  391 00000026                 EXPORT           USB0_Handler              [WEAK
]
  392 00000026                 EXPORT           PWM0_3_Handler    [WEAK]
  393 00000026                 EXPORT           UDMA_Handler              [WEAK
]
  394 00000026                 EXPORT           UDMAERR_Handler           [WEAK
]
  395 00000026                 EXPORT           ADC1SS0_Handler           [WEAK
]
  396 00000026                 EXPORT           ADC1SS1_Handler           [WEAK
]
  397 00000026                 EXPORT           ADC1SS2_Handler           [WEAK
]
  398 00000026                 EXPORT           ADC1SS3_Handler           [WEAK
]
  399 00000026                 EXPORT           GPIOJ_Handler         [WEAK]
  400 00000026                 EXPORT           GPIOK_Handler         [WEAK]
  401 00000026                 EXPORT           GPIOL_Handler         [WEAK]
  402 00000026                 EXPORT           SSI2_Handler              [WEAK
]
  403 00000026                 EXPORT           SSI3_Handler              [WEAK
]
  404 00000026                 EXPORT           UART3_Handler             [WEAK
]
  405 00000026                 EXPORT           UART4_Handler             [WEAK
]
  406 00000026                 EXPORT           UART5_Handler             [WEAK
]
  407 00000026                 EXPORT           UART6_Handler             [WEAK
]
  408 00000026                 EXPORT           UART7_Handler             [WEAK
]
  409 00000026                 EXPORT           I2C2_Handler              [WEAK
]
  410 00000026                 EXPORT           I2C3_Handler              [WEAK
]
  411 00000026                 EXPORT           TIMER4A_Handler           [WEAK
]



ARM Macro Assembler    Page 12 


  412 00000026                 EXPORT           TIMER4B_Handler           [WEAK
]
  413 00000026                 EXPORT           TIMER5A_Handler           [WEAK
]
  414 00000026                 EXPORT           TIMER5B_Handler           [WEAK
]
  415 00000026                 EXPORT           WTIMER0A_Handler       [WEAK]
  416 00000026                 EXPORT           WTIMER0B_Handler       [WEAK]
  417 00000026                 EXPORT           WTIMER1A_Handler       [WEAK]
  418 00000026                 EXPORT           WTIMER1B_Handler       [WEAK]
  419 00000026                 EXPORT           WTIMER2A_Handler       [WEAK]
  420 00000026                 EXPORT           WTIMER2B_Handler       [WEAK]
  421 00000026                 EXPORT           WTIMER3A_Handler       [WEAK]
  422 00000026                 EXPORT           WTIMER3B_Handler       [WEAK]
  423 00000026                 EXPORT           WTIMER4A_Handler       [WEAK]
  424 00000026                 EXPORT           WTIMER4B_Handler       [WEAK]
  425 00000026                 EXPORT           WTIMER5A_Handler       [WEAK]
  426 00000026                 EXPORT           WTIMER5B_Handler       [WEAK]
  427 00000026                 EXPORT           FPU_Handler               [WEAK
]
  428 00000026                 EXPORT           I2C4_Handler              [WEAK
]
  429 00000026                 EXPORT           I2C5_Handler              [WEAK
]
  430 00000026                 EXPORT           GPIOM_Handler         [WEAK]
  431 00000026                 EXPORT           GPION_Handler         [WEAK]
  432 00000026                 EXPORT           QEI2_Handler       [WEAK]
  433 00000026                 EXPORT           GPIOP0_Handler         [WEAK]
  434 00000026                 EXPORT           GPIOP1_Handler        [WEAK]
  435 00000026                 EXPORT           GPIOP2_Handler        [WEAK]
  436 00000026                 EXPORT           GPIOP3_Handler        [WEAK]
  437 00000026                 EXPORT           GPIOP4_Handler        [WEAK]
  438 00000026                 EXPORT           GPIOP5_Handler        [WEAK]
  439 00000026                 EXPORT           GPIOP6_Handler        [WEAK]
  440 00000026                 EXPORT           GPIOP7_Handler        [WEAK]
  441 00000026                 EXPORT           GPIOQ0_Handler         [WEAK]
  442 00000026                 EXPORT           GPIOQ1_Handler        [WEAK]
  443 00000026                 EXPORT           GPIOQ2_Handler        [WEAK]
  444 00000026                 EXPORT           GPIOQ3_Handler        [WEAK]
  445 00000026                 EXPORT           GPIOQ4_Handler        [WEAK]
  446 00000026                 EXPORT           GPIOQ5_Handler        [WEAK]
  447 00000026                 EXPORT           GPIOQ6_Handler        [WEAK]
  448 00000026                 EXPORT           GPIOQ7_Handler        [WEAK]
  449 00000026                 EXPORT           GPIOR_Handler         [WEAK]
  450 00000026                 EXPORT           GPIOS_Handler         [WEAK]
  451 00000026                 EXPORT           PWM1_0_Handler    [WEAK]
  452 00000026                 EXPORT           PWM1_1_Handler    [WEAK]
  453 00000026                 EXPORT           PWM1_2_Handler    [WEAK]
  454 00000026                 EXPORT           PWM1_3_Handler    [WEAK]
  455 00000026                 EXPORT           PWM1_FAULT_Handler          [WE
AK]
  456 00000026         
  457 00000026         GPIOA_Handler
  458 00000026         GPIOB_Handler
  459 00000026         GPIOC_Handler
  460 00000026         GPIOD_Handler
  461 00000026         GPIOE_Handler
  462 00000026         UART0_Handler
  463 00000026         UART1_Handler



ARM Macro Assembler    Page 13 


  464 00000026         SSI0_Handler
  465 00000026         I2C0_Handler
  466 00000026         PWM0_FAULT_Handler
  467 00000026         PWM0_0_Handler
  468 00000026         PWM0_1_Handler
  469 00000026         PWM0_2_Handler
  470 00000026         QEI0_Handler
  471 00000026         ADC0SS0_Handler
  472 00000026         ADC0SS1_Handler
  473 00000026         ADC0SS2_Handler
  474 00000026         ADC0SS3_Handler
  475 00000026         WDT0_Handler
  476 00000026         TIMER0A_Handler
  477 00000026         TIMER0B_Handler
  478 00000026         TIMER1A_Handler
  479 00000026         TIMER1B_Handler
  480 00000026         TIMER2A_Handler
  481 00000026         TIMER2B_Handler
  482 00000026         COMP0_Handler
  483 00000026         COMP1_Handler
  484 00000026         COMP2_Handler
  485 00000026         SYSCTL_Handler
  486 00000026         FLASH_Handler
  487 00000026         GPIOF_Handler
  488 00000026         GPIOG_Handler
  489 00000026         GPIOH_Handler
  490 00000026         UART2_Handler
  491 00000026         SSI1_Handler
  492 00000026         TIMER3A_Handler
  493 00000026         TIMER3B_Handler
  494 00000026         I2C1_Handler
  495 00000026         QEI1_Handler
  496 00000026         CAN0_Handler
  497 00000026         CAN1_Handler
  498 00000026         CAN2_Handler
  499 00000026         HIB_Handler
  500 00000026         USB0_Handler
  501 00000026         PWM0_3_Handler
  502 00000026         UDMA_Handler
  503 00000026         UDMAERR_Handler
  504 00000026         ADC1SS0_Handler
  505 00000026         ADC1SS1_Handler
  506 00000026         ADC1SS2_Handler
  507 00000026         ADC1SS3_Handler
  508 00000026         GPIOJ_Handler
  509 00000026         GPIOK_Handler
  510 00000026         GPIOL_Handler
  511 00000026         SSI2_Handler
  512 00000026         SSI3_Handler
  513 00000026         UART3_Handler
  514 00000026         UART4_Handler
  515 00000026         UART5_Handler
  516 00000026         UART6_Handler
  517 00000026         UART7_Handler
  518 00000026         I2C2_Handler
  519 00000026         I2C3_Handler
  520 00000026         TIMER4A_Handler
  521 00000026         TIMER4B_Handler
  522 00000026         TIMER5A_Handler



ARM Macro Assembler    Page 14 


  523 00000026         TIMER5B_Handler
  524 00000026         WTIMER0A_Handler
  525 00000026         WTIMER0B_Handler
  526 00000026         WTIMER1A_Handler
  527 00000026         WTIMER1B_Handler
  528 00000026         WTIMER2A_Handler
  529 00000026         WTIMER2B_Handler
  530 00000026         WTIMER3A_Handler
  531 00000026         WTIMER3B_Handler
  532 00000026         WTIMER4A_Handler
  533 00000026         WTIMER4B_Handler
  534 00000026         WTIMER5A_Handler
  535 00000026         WTIMER5B_Handler
  536 00000026         FPU_Handler
  537 00000026         I2C4_Handler
  538 00000026         I2C5_Handler
  539 00000026         GPIOM_Handler
  540 00000026         GPION_Handler
  541 00000026         QEI2_Handler
  542 00000026         GPIOP0_Handler
  543 00000026         GPIOP1_Handler
  544 00000026         GPIOP2_Handler
  545 00000026         GPIOP3_Handler
  546 00000026         GPIOP4_Handler
  547 00000026         GPIOP5_Handler
  548 00000026         GPIOP6_Handler
  549 00000026         GPIOP7_Handler
  550 00000026         GPIOQ0_Handler
  551 00000026         GPIOQ1_Handler
  552 00000026         GPIOQ2_Handler
  553 00000026         GPIOQ3_Handler
  554 00000026         GPIOQ4_Handler
  555 00000026         GPIOQ5_Handler
  556 00000026         GPIOQ6_Handler
  557 00000026         GPIOQ7_Handler
  558 00000026         GPIOR_Handler
  559 00000026         GPIOS_Handler
  560 00000026         PWM1_0_Handler
  561 00000026         PWM1_1_Handler
  562 00000026         PWM1_2_Handler
  563 00000026         PWM1_3_Handler
  564 00000026         PWM1_FAULT_Handler
  565 00000026 E7FE            B                .
  566 00000028         
  567 00000028                 ENDP
  568 00000028         
  569 00000028         ;*******************************************************
                       ***********************
  570 00000028         ;
  571 00000028         ; Make sure the end of this section is aligned.
  572 00000028         ;
  573 00000028         ;*******************************************************
                       ***********************
  574 00000028                 ALIGN
  575 00000028         
  576 00000028         ;*******************************************************
                       ***********************
  577 00000028         ;
  578 00000028         ; Some code in the normal code section for initializing 



ARM Macro Assembler    Page 15 


                       the heap and stack.
  579 00000028         ;
  580 00000028         ;*******************************************************
                       ***********************
  581 00000028                 AREA             |.text|, CODE, READONLY
  582 00000028         
  583 00000028         ;*******************************************************
                       ***********************
  584 00000028         ;
  585 00000028         ; Useful functions.
  586 00000028         ;
  587 00000028         ;*******************************************************
                       ***********************
  588 00000028                 EXPORT           DisableInterrupts
  589 00000028                 EXPORT           EnableInterrupts
  590 00000028                 EXPORT           StartCritical
  591 00000028                 EXPORT           EndCritical
  592 00000028                 EXPORT           WaitForInterrupt
  593 00000028         
  594 00000028         ;*********** DisableInterrupts ***************
  595 00000028         ; disable interrupts
  596 00000028         ; inputs:  none
  597 00000028         ; outputs: none
  598 00000028         DisableInterrupts
  599 00000028 B672            CPSID            I
  600 0000002A 4770            BX               LR
  601 0000002C         
  602 0000002C         ;*********** EnableInterrupts ***************
  603 0000002C         ; disable interrupts
  604 0000002C         ; inputs:  none
  605 0000002C         ; outputs: none
  606 0000002C         EnableInterrupts
  607 0000002C B662            CPSIE            I
  608 0000002E 4770            BX               LR
  609 00000030         
  610 00000030         ;*********** StartCritical ************************
  611 00000030         ; make a copy of previous I bit, disable interrupts
  612 00000030         ; inputs:  none
  613 00000030         ; outputs: previous I bit
  614 00000030         StartCritical
  615 00000030 F3EF 8010       MRS              R0, PRIMASK ; save old status
  616 00000034 B672            CPSID            I           ; mask all (except 
                                                            faults)
  617 00000036 4770            BX               LR
  618 00000038         
  619 00000038         ;*********** EndCritical ************************
  620 00000038         ; using the copy of previous I bit, restore I bit to pre
                       vious value
  621 00000038         ; inputs:  previous I bit
  622 00000038         ; outputs: none
  623 00000038         EndCritical
  624 00000038 F380 8810       MSR              PRIMASK, R0
  625 0000003C 4770            BX               LR
  626 0000003E         
  627 0000003E         ;*********** WaitForInterrupt ************************
  628 0000003E         ; go to low power mode while waiting for the next interr
                       upt
  629 0000003E         ; inputs:  none
  630 0000003E         ; outputs: none



ARM Macro Assembler    Page 16 


  631 0000003E         WaitForInterrupt
  632 0000003E BF30            WFI
  633 00000040 4770            BX               LR
  634 00000042         
  635 00000042         ;*******************************************************
                       ***********************
  636 00000042         ;
  637 00000042         ; The function expected of the C library startup code fo
                       r defining the stack
  638 00000042         ; and heap memory locations.  For the C library version 
                       of the startup code,
  639 00000042         ; provide this function so that the C library initializa
                       tion code can find out
  640 00000042         ; the location of the stack and heap.
  641 00000042         ;
  642 00000042         ;*******************************************************
                       ***********************
  643 00000042                 IF               :DEF: __MICROLIB
  648 00000042                 IMPORT           __use_two_region_memory
  649 00000042                 EXPORT           __user_initial_stackheap
  650 00000042         __user_initial_stackheap
  651 00000042 4802            LDR              R0, =Heap_Mem
  652 00000044 4902            LDR              R1, =(Stack_Mem + Stack_Size)
  653 00000046 4A01            LDR              R2, =(Heap_Mem + Heap_Size)
  654 00000048 4B02            LDR              R3, =Stack_Mem
  655 0000004A 4770            BX               LR
  656 0000004C                 ENDIF
  657 0000004C         
  658 0000004C         ;*******************************************************
                       ***********************
  659 0000004C         ;
  660 0000004C         ; Make sure the end of this section is aligned.
  661 0000004C         ;
  662 0000004C         ;*******************************************************
                       ***********************
  663 0000004C                 ALIGN
  664 0000004C         
  665 0000004C         ;*******************************************************
                       ***********************
  666 0000004C         ;
  667 0000004C         ; Tell the assembler that we're done.
  668 0000004C         ;
  669 0000004C         ;*******************************************************
                       ***********************
  670 0000004C                 END
              00000000 
              00000400 
              00000000 
Command Line: --debug --xref --diag_suppress=9931 --cpu=Cortex-M4.fp --apcs=int
erwork --depend=.\objects\startup.d -o.\objects\startup.o -I.\RTE\_Target_1 -IC
:\Keil_v5\ARM\PACK\Keil\TM4C_DFP\1.1.0\Device\Include\TM4C123 -IC:\Keil_v5\ARM\
CMSIS\Include --predefine="__EVAL SETA 1" --predefine="__UVISION_VERSION SETA 5
23" --predefine="TM4C123GH6PM SETA 1" --list=.\listings\startup.lst Startup.s



ARM Macro Assembler    Page 1 Alphabetic symbol ordering
Relocatable symbols

STACK 00000000

Symbol: STACK
   Definitions
      At line 34 in file Startup.s
   Uses
      None
Comment: STACK unused
Stack_Mem 00000000

Symbol: Stack_Mem
   Definitions
      At line 35 in file Startup.s
   Uses
      At line 652 in file Startup.s
      At line 654 in file Startup.s

__initial_sp 00000400

Symbol: __initial_sp
   Definitions
      At line 36 in file Startup.s
   Uses
      At line 83 in file Startup.s
Comment: __initial_sp used once
3 symbols



ARM Macro Assembler    Page 1 Alphabetic symbol ordering
Relocatable symbols

HEAP 00000000

Symbol: HEAP
   Definitions
      At line 45 in file Startup.s
   Uses
      None
Comment: HEAP unused
Heap_Mem 00000000

Symbol: Heap_Mem
   Definitions
      At line 47 in file Startup.s
   Uses
      At line 651 in file Startup.s
      At line 653 in file Startup.s

__heap_base 00000000

Symbol: __heap_base
   Definitions
      At line 46 in file Startup.s
   Uses
      None
Comment: __heap_base unused
__heap_limit 00000000

Symbol: __heap_limit
   Definitions
      At line 48 in file Startup.s
   Uses
      None
Comment: __heap_limit unused
4 symbols



ARM Macro Assembler    Page 1 Alphabetic symbol ordering
Relocatable symbols

RESET 00000000

Symbol: RESET
   Definitions
      At line 64 in file Startup.s
   Uses
      None
Comment: RESET unused
__Vectors 00000000

Symbol: __Vectors
   Definitions
      At line 82 in file Startup.s
   Uses
      At line 71 in file Startup.s
      At line 242 in file Startup.s

__Vectors_End 0000026C

Symbol: __Vectors_End
   Definitions
      At line 240 in file Startup.s
   Uses
      At line 72 in file Startup.s
      At line 242 in file Startup.s

3 symbols



ARM Macro Assembler    Page 1 Alphabetic symbol ordering
Relocatable symbols

.text 00000000

Symbol: .text
   Definitions
      At line 244 in file Startup.s
   Uses
      None
Comment: .text unused
ADC0SS0_Handler 00000026

Symbol: ADC0SS0_Handler
   Definitions
      At line 471 in file Startup.s
   Uses
      At line 114 in file Startup.s
      At line 362 in file Startup.s

ADC0SS1_Handler 00000026

Symbol: ADC0SS1_Handler
   Definitions
      At line 472 in file Startup.s
   Uses
      At line 115 in file Startup.s
      At line 363 in file Startup.s

ADC0SS2_Handler 00000026

Symbol: ADC0SS2_Handler
   Definitions
      At line 473 in file Startup.s
   Uses
      At line 116 in file Startup.s
      At line 364 in file Startup.s

ADC0SS3_Handler 00000026

Symbol: ADC0SS3_Handler
   Definitions
      At line 474 in file Startup.s
   Uses
      At line 117 in file Startup.s
      At line 365 in file Startup.s

ADC1SS0_Handler 00000026

Symbol: ADC1SS0_Handler
   Definitions
      At line 504 in file Startup.s
   Uses
      At line 148 in file Startup.s
      At line 395 in file Startup.s

ADC1SS1_Handler 00000026

Symbol: ADC1SS1_Handler
   Definitions
      At line 505 in file Startup.s
   Uses



ARM Macro Assembler    Page 2 Alphabetic symbol ordering
Relocatable symbols

      At line 149 in file Startup.s
      At line 396 in file Startup.s

ADC1SS2_Handler 00000026

Symbol: ADC1SS2_Handler
   Definitions
      At line 506 in file Startup.s
   Uses
      At line 150 in file Startup.s
      At line 397 in file Startup.s

ADC1SS3_Handler 00000026

Symbol: ADC1SS3_Handler
   Definitions
      At line 507 in file Startup.s
   Uses
      At line 151 in file Startup.s
      At line 398 in file Startup.s

BusFault_Handler 0000001A

Symbol: BusFault_Handler
   Definitions
      At line 319 in file Startup.s
   Uses
      At line 88 in file Startup.s
      At line 320 in file Startup.s

CAN0_Handler 00000026

Symbol: CAN0_Handler
   Definitions
      At line 496 in file Startup.s
   Uses
      At line 139 in file Startup.s
      At line 387 in file Startup.s

CAN1_Handler 00000026

Symbol: CAN1_Handler
   Definitions
      At line 497 in file Startup.s
   Uses
      At line 140 in file Startup.s
      At line 388 in file Startup.s

CAN2_Handler 00000026

Symbol: CAN2_Handler
   Definitions
      At line 498 in file Startup.s
   Uses
      At line 141 in file Startup.s
      At line 389 in file Startup.s

COMP0_Handler 00000026




ARM Macro Assembler    Page 3 Alphabetic symbol ordering
Relocatable symbols

Symbol: COMP0_Handler
   Definitions
      At line 482 in file Startup.s
   Uses
      At line 125 in file Startup.s
      At line 373 in file Startup.s

COMP1_Handler 00000026

Symbol: COMP1_Handler
   Definitions
      At line 483 in file Startup.s
   Uses
      At line 126 in file Startup.s
      At line 374 in file Startup.s

COMP2_Handler 00000026

Symbol: COMP2_Handler
   Definitions
      At line 484 in file Startup.s
   Uses
      At line 127 in file Startup.s
      At line 375 in file Startup.s

DebugMon_Handler 00000020

Symbol: DebugMon_Handler
   Definitions
      At line 333 in file Startup.s
   Uses
      At line 95 in file Startup.s
      At line 334 in file Startup.s

DisableInterrupts 00000028

Symbol: DisableInterrupts
   Definitions
      At line 598 in file Startup.s
   Uses
      At line 588 in file Startup.s
Comment: DisableInterrupts used once
EnableInterrupts 0000002C

Symbol: EnableInterrupts
   Definitions
      At line 606 in file Startup.s
   Uses
      At line 589 in file Startup.s
Comment: EnableInterrupts used once
EndCritical 00000038

Symbol: EndCritical
   Definitions
      At line 623 in file Startup.s
   Uses
      At line 591 in file Startup.s
Comment: EndCritical used once
FLASH_Handler 00000026



ARM Macro Assembler    Page 4 Alphabetic symbol ordering
Relocatable symbols


Symbol: FLASH_Handler
   Definitions
      At line 486 in file Startup.s
   Uses
      At line 129 in file Startup.s
      At line 377 in file Startup.s

FPU_Handler 00000026

Symbol: FPU_Handler
   Definitions
      At line 536 in file Startup.s
   Uses
      At line 206 in file Startup.s
      At line 427 in file Startup.s

GPIOA_Handler 00000026

Symbol: GPIOA_Handler
   Definitions
      At line 457 in file Startup.s
   Uses
      At line 348 in file Startup.s
Comment: GPIOA_Handler used once
GPIOB_Handler 00000026

Symbol: GPIOB_Handler
   Definitions
      At line 458 in file Startup.s
   Uses
      At line 101 in file Startup.s
      At line 349 in file Startup.s

GPIOC_Handler 00000026

Symbol: GPIOC_Handler
   Definitions
      At line 459 in file Startup.s
   Uses
      At line 102 in file Startup.s
      At line 350 in file Startup.s

GPIOD_Handler 00000026

Symbol: GPIOD_Handler
   Definitions
      At line 460 in file Startup.s
   Uses
      At line 103 in file Startup.s
      At line 351 in file Startup.s

GPIOE_Handler 00000026

Symbol: GPIOE_Handler
   Definitions
      At line 461 in file Startup.s
   Uses
      At line 104 in file Startup.s



ARM Macro Assembler    Page 5 Alphabetic symbol ordering
Relocatable symbols

      At line 352 in file Startup.s

GPIOF_Handler 00000026

Symbol: GPIOF_Handler
   Definitions
      At line 487 in file Startup.s
   Uses
      At line 130 in file Startup.s
      At line 378 in file Startup.s

GPIOG_Handler 00000026

Symbol: GPIOG_Handler
   Definitions
      At line 488 in file Startup.s
   Uses
      At line 131 in file Startup.s
      At line 379 in file Startup.s

GPIOH_Handler 00000026

Symbol: GPIOH_Handler
   Definitions
      At line 489 in file Startup.s
   Uses
      At line 132 in file Startup.s
      At line 380 in file Startup.s

GPIOJ_Handler 00000026

Symbol: GPIOJ_Handler
   Definitions
      At line 508 in file Startup.s
   Uses
      At line 154 in file Startup.s
      At line 399 in file Startup.s

GPIOK_Handler 00000026

Symbol: GPIOK_Handler
   Definitions
      At line 509 in file Startup.s
   Uses
      At line 155 in file Startup.s
      At line 400 in file Startup.s

GPIOL_Handler 00000026

Symbol: GPIOL_Handler
   Definitions
      At line 510 in file Startup.s
   Uses
      At line 156 in file Startup.s
      At line 401 in file Startup.s

GPIOM_Handler 00000026

Symbol: GPIOM_Handler



ARM Macro Assembler    Page 6 Alphabetic symbol ordering
Relocatable symbols

   Definitions
      At line 539 in file Startup.s
   Uses
      At line 211 in file Startup.s
      At line 430 in file Startup.s

GPION_Handler 00000026

Symbol: GPION_Handler
   Definitions
      At line 540 in file Startup.s
   Uses
      At line 212 in file Startup.s
      At line 431 in file Startup.s

GPIOP0_Handler 00000026

Symbol: GPIOP0_Handler
   Definitions
      At line 542 in file Startup.s
   Uses
      At line 216 in file Startup.s
      At line 433 in file Startup.s

GPIOP1_Handler 00000026

Symbol: GPIOP1_Handler
   Definitions
      At line 543 in file Startup.s
   Uses
      At line 217 in file Startup.s
      At line 434 in file Startup.s

GPIOP2_Handler 00000026

Symbol: GPIOP2_Handler
   Definitions
      At line 544 in file Startup.s
   Uses
      At line 218 in file Startup.s
      At line 435 in file Startup.s

GPIOP3_Handler 00000026

Symbol: GPIOP3_Handler
   Definitions
      At line 545 in file Startup.s
   Uses
      At line 219 in file Startup.s
      At line 436 in file Startup.s

GPIOP4_Handler 00000026

Symbol: GPIOP4_Handler
   Definitions
      At line 546 in file Startup.s
   Uses
      At line 220 in file Startup.s
      At line 437 in file Startup.s



ARM Macro Assembler    Page 7 Alphabetic symbol ordering
Relocatable symbols


GPIOP5_Handler 00000026

Symbol: GPIOP5_Handler
   Definitions
      At line 547 in file Startup.s
   Uses
      At line 221 in file Startup.s
      At line 438 in file Startup.s

GPIOP6_Handler 00000026

Symbol: GPIOP6_Handler
   Definitions
      At line 548 in file Startup.s
   Uses
      At line 222 in file Startup.s
      At line 439 in file Startup.s

GPIOP7_Handler 00000026

Symbol: GPIOP7_Handler
   Definitions
      At line 549 in file Startup.s
   Uses
      At line 223 in file Startup.s
      At line 440 in file Startup.s

GPIOQ0_Handler 00000026

Symbol: GPIOQ0_Handler
   Definitions
      At line 550 in file Startup.s
   Uses
      At line 224 in file Startup.s
      At line 441 in file Startup.s

GPIOQ1_Handler 00000026

Symbol: GPIOQ1_Handler
   Definitions
      At line 551 in file Startup.s
   Uses
      At line 225 in file Startup.s
      At line 442 in file Startup.s

GPIOQ2_Handler 00000026

Symbol: GPIOQ2_Handler
   Definitions
      At line 552 in file Startup.s
   Uses
      At line 226 in file Startup.s
      At line 443 in file Startup.s

GPIOQ3_Handler 00000026

Symbol: GPIOQ3_Handler
   Definitions



ARM Macro Assembler    Page 8 Alphabetic symbol ordering
Relocatable symbols

      At line 553 in file Startup.s
   Uses
      At line 227 in file Startup.s
      At line 444 in file Startup.s

GPIOQ4_Handler 00000026

Symbol: GPIOQ4_Handler
   Definitions
      At line 554 in file Startup.s
   Uses
      At line 228 in file Startup.s
      At line 445 in file Startup.s

GPIOQ5_Handler 00000026

Symbol: GPIOQ5_Handler
   Definitions
      At line 555 in file Startup.s
   Uses
      At line 229 in file Startup.s
      At line 446 in file Startup.s

GPIOQ6_Handler 00000026

Symbol: GPIOQ6_Handler
   Definitions
      At line 556 in file Startup.s
   Uses
      At line 230 in file Startup.s
      At line 447 in file Startup.s

GPIOQ7_Handler 00000026

Symbol: GPIOQ7_Handler
   Definitions
      At line 557 in file Startup.s
   Uses
      At line 231 in file Startup.s
      At line 448 in file Startup.s

GPIOR_Handler 00000026

Symbol: GPIOR_Handler
   Definitions
      At line 558 in file Startup.s
   Uses
      At line 232 in file Startup.s
      At line 449 in file Startup.s

GPIOS_Handler 00000026

Symbol: GPIOS_Handler
   Definitions
      At line 559 in file Startup.s
   Uses
      At line 233 in file Startup.s
      At line 450 in file Startup.s




ARM Macro Assembler    Page 9 Alphabetic symbol ordering
Relocatable symbols

HIB_Handler 00000026

Symbol: HIB_Handler
   Definitions
      At line 499 in file Startup.s
   Uses
      At line 143 in file Startup.s
      At line 390 in file Startup.s

HardFault_Handler 00000016

Symbol: HardFault_Handler
   Definitions
      At line 308 in file Startup.s
   Uses
      At line 86 in file Startup.s
      At line 309 in file Startup.s

I2C0_Handler 00000026

Symbol: I2C0_Handler
   Definitions
      At line 465 in file Startup.s
   Uses
      At line 108 in file Startup.s
      At line 356 in file Startup.s

I2C1_Handler 00000026

Symbol: I2C1_Handler
   Definitions
      At line 494 in file Startup.s
   Uses
      At line 137 in file Startup.s
      At line 385 in file Startup.s

I2C2_Handler 00000026

Symbol: I2C2_Handler
   Definitions
      At line 518 in file Startup.s
   Uses
      At line 168 in file Startup.s
      At line 409 in file Startup.s

I2C3_Handler 00000026

Symbol: I2C3_Handler
   Definitions
      At line 519 in file Startup.s
   Uses
      At line 169 in file Startup.s
      At line 410 in file Startup.s

I2C4_Handler 00000026

Symbol: I2C4_Handler
   Definitions
      At line 537 in file Startup.s



ARM Macro Assembler    Page 10 Alphabetic symbol ordering
Relocatable symbols

   Uses
      At line 209 in file Startup.s
      At line 428 in file Startup.s

I2C5_Handler 00000026

Symbol: I2C5_Handler
   Definitions
      At line 538 in file Startup.s
   Uses
      At line 210 in file Startup.s
      At line 429 in file Startup.s

IntDefaultHandler 00000026

Symbol: IntDefaultHandler
   Definitions
      At line 346 in file Startup.s
   Uses
      None
Comment: IntDefaultHandler unused
MemManage_Handler 00000018

Symbol: MemManage_Handler
   Definitions
      At line 314 in file Startup.s
   Uses
      At line 87 in file Startup.s
      At line 315 in file Startup.s

NMI_Handler 00000014

Symbol: NMI_Handler
   Definitions
      At line 295 in file Startup.s
   Uses
      At line 85 in file Startup.s
      At line 296 in file Startup.s

PWM0_0_Handler 00000026

Symbol: PWM0_0_Handler
   Definitions
      At line 467 in file Startup.s
   Uses
      At line 110 in file Startup.s
      At line 358 in file Startup.s

PWM0_1_Handler 00000026

Symbol: PWM0_1_Handler
   Definitions
      At line 468 in file Startup.s
   Uses
      At line 111 in file Startup.s
      At line 359 in file Startup.s

PWM0_2_Handler 00000026




ARM Macro Assembler    Page 11 Alphabetic symbol ordering
Relocatable symbols

Symbol: PWM0_2_Handler
   Definitions
      At line 469 in file Startup.s
   Uses
      At line 112 in file Startup.s
      At line 360 in file Startup.s

PWM0_3_Handler 00000026

Symbol: PWM0_3_Handler
   Definitions
      At line 501 in file Startup.s
   Uses
      At line 145 in file Startup.s
      At line 392 in file Startup.s

PWM0_FAULT_Handler 00000026

Symbol: PWM0_FAULT_Handler
   Definitions
      At line 466 in file Startup.s
   Uses
      At line 109 in file Startup.s
      At line 357 in file Startup.s

PWM1_0_Handler 00000026

Symbol: PWM1_0_Handler
   Definitions
      At line 560 in file Startup.s
   Uses
      At line 234 in file Startup.s
      At line 451 in file Startup.s

PWM1_1_Handler 00000026

Symbol: PWM1_1_Handler
   Definitions
      At line 561 in file Startup.s
   Uses
      At line 235 in file Startup.s
      At line 452 in file Startup.s

PWM1_2_Handler 00000026

Symbol: PWM1_2_Handler
   Definitions
      At line 562 in file Startup.s
   Uses
      At line 236 in file Startup.s
      At line 453 in file Startup.s

PWM1_3_Handler 00000026

Symbol: PWM1_3_Handler
   Definitions
      At line 563 in file Startup.s
   Uses
      At line 237 in file Startup.s



ARM Macro Assembler    Page 12 Alphabetic symbol ordering
Relocatable symbols

      At line 454 in file Startup.s

PWM1_FAULT_Handler 00000026

Symbol: PWM1_FAULT_Handler
   Definitions
      At line 564 in file Startup.s
   Uses
      At line 238 in file Startup.s
      At line 455 in file Startup.s

PendSV_Handler 00000022

Symbol: PendSV_Handler
   Definitions
      At line 337 in file Startup.s
   Uses
      At line 97 in file Startup.s
      At line 338 in file Startup.s

QEI0_Handler 00000026

Symbol: QEI0_Handler
   Definitions
      At line 470 in file Startup.s
   Uses
      At line 113 in file Startup.s
      At line 361 in file Startup.s

QEI1_Handler 00000026

Symbol: QEI1_Handler
   Definitions
      At line 495 in file Startup.s
   Uses
      At line 138 in file Startup.s
      At line 386 in file Startup.s

QEI2_Handler 00000026

Symbol: QEI2_Handler
   Definitions
      At line 541 in file Startup.s
   Uses
      At line 213 in file Startup.s
      At line 432 in file Startup.s

Reset_Handler 00000000

Symbol: Reset_Handler
   Definitions
      At line 272 in file Startup.s
   Uses
      At line 84 in file Startup.s
      At line 260 in file Startup.s

SSI0_Handler 00000026

Symbol: SSI0_Handler



ARM Macro Assembler    Page 13 Alphabetic symbol ordering
Relocatable symbols

   Definitions
      At line 464 in file Startup.s
   Uses
      At line 107 in file Startup.s
      At line 355 in file Startup.s

SSI1_Handler 00000026

Symbol: SSI1_Handler
   Definitions
      At line 491 in file Startup.s
   Uses
      At line 134 in file Startup.s
      At line 382 in file Startup.s

SSI2_Handler 00000026

Symbol: SSI2_Handler
   Definitions
      At line 511 in file Startup.s
   Uses
      At line 157 in file Startup.s
      At line 402 in file Startup.s

SSI3_Handler 00000026

Symbol: SSI3_Handler
   Definitions
      At line 512 in file Startup.s
   Uses
      At line 158 in file Startup.s
      At line 403 in file Startup.s

SVC_Handler 0000001E

Symbol: SVC_Handler
   Definitions
      At line 328 in file Startup.s
   Uses
      At line 94 in file Startup.s
      At line 329 in file Startup.s

SYSCTL_Handler 00000026

Symbol: SYSCTL_Handler
   Definitions
      At line 485 in file Startup.s
   Uses
      At line 128 in file Startup.s
      At line 376 in file Startup.s

StartCritical 00000030

Symbol: StartCritical
   Definitions
      At line 614 in file Startup.s
   Uses
      At line 590 in file Startup.s
Comment: StartCritical used once



ARM Macro Assembler    Page 14 Alphabetic symbol ordering
Relocatable symbols

SysTick_Handler 00000024

Symbol: SysTick_Handler
   Definitions
      At line 341 in file Startup.s
   Uses
      At line 98 in file Startup.s
      At line 342 in file Startup.s

TIMER0A_Handler 00000026

Symbol: TIMER0A_Handler
   Definitions
      At line 476 in file Startup.s
   Uses
      At line 367 in file Startup.s
Comment: TIMER0A_Handler used once
TIMER0B_Handler 00000026

Symbol: TIMER0B_Handler
   Definitions
      At line 477 in file Startup.s
   Uses
      At line 368 in file Startup.s
Comment: TIMER0B_Handler used once
TIMER1A_Handler 00000026

Symbol: TIMER1A_Handler
   Definitions
      At line 478 in file Startup.s
   Uses
      At line 369 in file Startup.s
Comment: TIMER1A_Handler used once
TIMER1B_Handler 00000026

Symbol: TIMER1B_Handler
   Definitions
      At line 479 in file Startup.s
   Uses
      At line 370 in file Startup.s
Comment: TIMER1B_Handler used once
TIMER2A_Handler 00000026

Symbol: TIMER2A_Handler
   Definitions
      At line 480 in file Startup.s
   Uses
      At line 123 in file Startup.s
      At line 371 in file Startup.s

TIMER2B_Handler 00000026

Symbol: TIMER2B_Handler
   Definitions
      At line 481 in file Startup.s
   Uses
      At line 124 in file Startup.s
      At line 372 in file Startup.s




ARM Macro Assembler    Page 15 Alphabetic symbol ordering
Relocatable symbols

TIMER3A_Handler 00000026

Symbol: TIMER3A_Handler
   Definitions
      At line 492 in file Startup.s
   Uses
      At line 383 in file Startup.s
Comment: TIMER3A_Handler used once
TIMER3B_Handler 00000026

Symbol: TIMER3B_Handler
   Definitions
      At line 493 in file Startup.s
   Uses
      At line 384 in file Startup.s
Comment: TIMER3B_Handler used once
TIMER4A_Handler 00000026

Symbol: TIMER4A_Handler
   Definitions
      At line 520 in file Startup.s
   Uses
      At line 170 in file Startup.s
      At line 411 in file Startup.s

TIMER4B_Handler 00000026

Symbol: TIMER4B_Handler
   Definitions
      At line 521 in file Startup.s
   Uses
      At line 171 in file Startup.s
      At line 412 in file Startup.s

TIMER5A_Handler 00000026

Symbol: TIMER5A_Handler
   Definitions
      At line 522 in file Startup.s
   Uses
      At line 192 in file Startup.s
      At line 413 in file Startup.s

TIMER5B_Handler 00000026

Symbol: TIMER5B_Handler
   Definitions
      At line 523 in file Startup.s
   Uses
      At line 193 in file Startup.s
      At line 414 in file Startup.s

UART0_Handler 00000026

Symbol: UART0_Handler
   Definitions
      At line 462 in file Startup.s
   Uses
      At line 105 in file Startup.s



ARM Macro Assembler    Page 16 Alphabetic symbol ordering
Relocatable symbols

      At line 353 in file Startup.s

UART1_Handler 00000026

Symbol: UART1_Handler
   Definitions
      At line 463 in file Startup.s
   Uses
      At line 106 in file Startup.s
      At line 354 in file Startup.s

UART2_Handler 00000026

Symbol: UART2_Handler
   Definitions
      At line 490 in file Startup.s
   Uses
      At line 133 in file Startup.s
      At line 381 in file Startup.s

UART3_Handler 00000026

Symbol: UART3_Handler
   Definitions
      At line 513 in file Startup.s
   Uses
      At line 159 in file Startup.s
      At line 404 in file Startup.s

UART4_Handler 00000026

Symbol: UART4_Handler
   Definitions
      At line 514 in file Startup.s
   Uses
      At line 160 in file Startup.s
      At line 405 in file Startup.s

UART5_Handler 00000026

Symbol: UART5_Handler
   Definitions
      At line 515 in file Startup.s
   Uses
      At line 161 in file Startup.s
      At line 406 in file Startup.s

UART6_Handler 00000026

Symbol: UART6_Handler
   Definitions
      At line 516 in file Startup.s
   Uses
      At line 162 in file Startup.s
      At line 407 in file Startup.s

UART7_Handler 00000026

Symbol: UART7_Handler



ARM Macro Assembler    Page 17 Alphabetic symbol ordering
Relocatable symbols

   Definitions
      At line 517 in file Startup.s
   Uses
      At line 163 in file Startup.s
      At line 408 in file Startup.s

UDMAERR_Handler 00000026

Symbol: UDMAERR_Handler
   Definitions
      At line 503 in file Startup.s
   Uses
      At line 147 in file Startup.s
      At line 394 in file Startup.s

UDMA_Handler 00000026

Symbol: UDMA_Handler
   Definitions
      At line 502 in file Startup.s
   Uses
      At line 146 in file Startup.s
      At line 393 in file Startup.s

USB0_Handler 00000026

Symbol: USB0_Handler
   Definitions
      At line 500 in file Startup.s
   Uses
      At line 144 in file Startup.s
      At line 391 in file Startup.s

UsageFault_Handler 0000001C

Symbol: UsageFault_Handler
   Definitions
      At line 324 in file Startup.s
   Uses
      At line 89 in file Startup.s
      At line 325 in file Startup.s

WDT0_Handler 00000026

Symbol: WDT0_Handler
   Definitions
      At line 475 in file Startup.s
   Uses
      At line 118 in file Startup.s
      At line 366 in file Startup.s

WTIMER0A_Handler 00000026

Symbol: WTIMER0A_Handler
   Definitions
      At line 524 in file Startup.s
   Uses
      At line 194 in file Startup.s
      At line 415 in file Startup.s



ARM Macro Assembler    Page 18 Alphabetic symbol ordering
Relocatable symbols


WTIMER0B_Handler 00000026

Symbol: WTIMER0B_Handler
   Definitions
      At line 525 in file Startup.s
   Uses
      At line 195 in file Startup.s
      At line 416 in file Startup.s

WTIMER1A_Handler 00000026

Symbol: WTIMER1A_Handler
   Definitions
      At line 526 in file Startup.s
   Uses
      At line 196 in file Startup.s
      At line 417 in file Startup.s

WTIMER1B_Handler 00000026

Symbol: WTIMER1B_Handler
   Definitions
      At line 527 in file Startup.s
   Uses
      At line 197 in file Startup.s
      At line 418 in file Startup.s

WTIMER2A_Handler 00000026

Symbol: WTIMER2A_Handler
   Definitions
      At line 528 in file Startup.s
   Uses
      At line 198 in file Startup.s
      At line 419 in file Startup.s

WTIMER2B_Handler 00000026

Symbol: WTIMER2B_Handler
   Definitions
      At line 529 in file Startup.s
   Uses
      At line 199 in file Startup.s
      At line 420 in file Startup.s

WTIMER3A_Handler 00000026

Symbol: WTIMER3A_Handler
   Definitions
      At line 530 in file Startup.s
   Uses
      At line 200 in file Startup.s
      At line 421 in file Startup.s

WTIMER3B_Handler 00000026

Symbol: WTIMER3B_Handler
   Definitions



ARM Macro Assembler    Page 19 Alphabetic symbol ordering
Relocatable symbols

      At line 531 in file Startup.s
   Uses
      At line 201 in file Startup.s
      At line 422 in file Startup.s

WTIMER4A_Handler 00000026

Symbol: WTIMER4A_Handler
   Definitions
      At line 532 in file Startup.s
   Uses
      At line 202 in file Startup.s
      At line 423 in file Startup.s

WTIMER4B_Handler 00000026

Symbol: WTIMER4B_Handler
   Definitions
      At line 533 in file Startup.s
   Uses
      At line 203 in file Startup.s
      At line 424 in file Startup.s

WTIMER5A_Handler 00000026

Symbol: WTIMER5A_Handler
   Definitions
      At line 534 in file Startup.s
   Uses
      At line 204 in file Startup.s
      At line 425 in file Startup.s

WTIMER5B_Handler 00000026

Symbol: WTIMER5B_Handler
   Definitions
      At line 535 in file Startup.s
   Uses
      At line 205 in file Startup.s
      At line 426 in file Startup.s

WaitForInterrupt 0000003E

Symbol: WaitForInterrupt
   Definitions
      At line 631 in file Startup.s
   Uses
      At line 592 in file Startup.s
Comment: WaitForInterrupt used once
__user_initial_stackheap 00000042

Symbol: __user_initial_stackheap
   Definitions
      At line 650 in file Startup.s
   Uses
      At line 649 in file Startup.s
Comment: __user_initial_stackheap used once
126 symbols



ARM Macro Assembler    Page 1 Alphabetic symbol ordering
Absolute symbols

Heap_Size 00000000

Symbol: Heap_Size
   Definitions
      At line 43 in file Startup.s
   Uses
      At line 47 in file Startup.s
      At line 653 in file Startup.s

Stack_Size 00000400

Symbol: Stack_Size
   Definitions
      At line 31 in file Startup.s
   Uses
      At line 35 in file Startup.s
      At line 652 in file Startup.s

__Vectors_Size 0000026C

Symbol: __Vectors_Size
   Definitions
      At line 242 in file Startup.s
   Uses
      At line 73 in file Startup.s
Comment: __Vectors_Size used once
3 symbols



ARM Macro Assembler    Page 1 Alphabetic symbol ordering
External symbols

TM0_Fall 00000000

Symbol: TM0_Fall
   Definitions
      At line 75 in file Startup.s
   Uses
      At line 120 in file Startup.s
Comment: TM0_Fall used once
TM0_Rise 00000000

Symbol: TM0_Rise
   Definitions
      At line 74 in file Startup.s
   Uses
      At line 119 in file Startup.s
Comment: TM0_Rise used once
TM1_Fall 00000000

Symbol: TM1_Fall
   Definitions
      At line 79 in file Startup.s
   Uses
      At line 122 in file Startup.s
Comment: TM1_Fall used once
TM1_Rise 00000000

Symbol: TM1_Rise
   Definitions
      At line 78 in file Startup.s
   Uses
      At line 121 in file Startup.s
Comment: TM1_Rise used once
TM3_Fall 00000000

Symbol: TM3_Fall
   Definitions
      At line 77 in file Startup.s
   Uses
      At line 136 in file Startup.s
Comment: TM3_Fall used once
TM3_Rise 00000000

Symbol: TM3_Rise
   Definitions
      At line 76 in file Startup.s
   Uses
      At line 135 in file Startup.s
Comment: TM3_Rise used once
__main 00000000

Symbol: __main
   Definitions
      At line 285 in file Startup.s
   Uses
      At line 286 in file Startup.s
Comment: __main used once
__use_two_region_memory 00000000

Symbol: __use_two_region_memory



ARM Macro Assembler    Page 2 Alphabetic symbol ordering
External symbols

   Definitions
      At line 648 in file Startup.s
   Uses
      None
Comment: __use_two_region_memory unused
button_ISR 00000000

Symbol: button_ISR
   Definitions
      At line 80 in file Startup.s
   Uses
      At line 100 in file Startup.s
Comment: button_ISR used once
9 symbols
486 symbols in table
